<testsuites name="results">
  <testsuite name="all" package="all">
    <property name="random_seed" value="1745407545" />
    <testcase name="dut_test" classname="dut_test" file="/foss/designs/setup-ijamroll/tests/dut_test.py" lineno="4" time="0.003800630569458008" sim_time_ns="4.001" ratio_time="1052.7200491813564" />
  </testsuite>
</testsuites>
